[www.esic.directory/innovators.html]
[backblue.gif]
[fade.gif]
[index.html]
[www.esic.directory/uploads/8/4/3/6/84367404/1469006728.png]
[cdn2.editmysite.com/css/sitesdf32.css]
[cdn2.editmysite.com/css/old/fancybox58b5.css]
[cdn2.editmysite.com/css/social-iconsf43d.css]
[www.esic.directory/files/main_style9a79.css]
[www.esic.directory/uploads/8/4/3/6/84367404/background-images/561993498.jpg]
[cdn2.editmysite.com/css/site_membershipdf32.css]
[cdn2.editmysite.com/js/lang/en/stle901.js]
[cdn2.editmysite.com/js/site/maindf32.js]
[www.esic.directory/files/templateArtifacts9a79.js]
[cdn2.editmysite.com/js/site/main-membership-sitedf32.js]
[ajax.googleapis.com/ajax/libs/jquery/1.8.3/jquery.min.js]
[www.esic.directory/all-about-innovation.html]
[www.esic.directory/investors.html]
[www.esic.directory/investor-pre-assessment.html]
[www.esic.directory/index.html]
[www.esic.directory/why-invest-in-an-esic.html]
[www.esic.directory/what-is-an-esic.html]
[www.esic.directory/innovators1.html]
[www.esic.directory/innovators.html]
[www.esic.directory/esic-database.html]
[www.esic.directory/grant-recipients.html]
[www.esic.directory/criteria.html]
[cdn2.editmysite.com/images/util/videojs/white-bar5177.png]
[www.esic.directory/accelerators.html]
[www.esic.directory/resources.html]
[www.esic.directory/eligible-universities.html]
[www.esic.directory/rd-partners.html]
[cdn2.editmysite.com/images/util/videojs/@2x/white-bar5177.png]
[www.esic.directory/patent-lawyers.html]
[www.esic.directory/rd-tax-consultants.html]
[www.esic.directory/advisors.html]
[cdn2.editmysite.com/images/util/videojs/gradient5177.png]
[www.esic.directory/contact.html]
[www.esic.directory/faq.html]
[www.esic.directory/all-about-innovation.html]
[cdn2.editmysite.com/images/util/videojs/@2x/gradient.295177.delayed]
[cdn2.editmysite.com/images/util/videojs/volume-filled.2a5177.delayed]
[www.esic.directory/terms-of-use.html]
[www.esic.directory/privacy-policy.html]
[cdn2.editmysite.com/images/util/videojs/@2x/volume-filled5177.png]
[pixel.quantserve.com/pixel/p-0dYLvhSGGqUWocee0.gif]
[cdn2.editmysite.com/sprites/util/videojs-sacae758aa2.png]
[cdn2.editmysite.com/images/util/videojs/volume-mute5177.png]
[cdn2.editmysite.com/sprites/util/videojs/@2x-s2aff7e7d9a.png]
[cdn2.editmysite.com/images/util/videojs/@2x/volume-mute5177.png]
[cdn2.editmysite.com/images/util/videojs/blue-bar5177.png]
[cdn2.editmysite.com/images/util/videojs/@2x/blue-bar5177.png]
[cdn2.editmysite.com/images/util/videojs/maximize-icon5177.png]
[cdn2.editmysite.com/images/util/videojs/@2x/maximize-icon5177.png]
[cdn2.editmysite.com/images/util/videojs/minimize-icon5177.png]
[cdn2.editmysite.com/images/util/videojs/@2x/minimize-icon5177.png]
[cdn2.editmysite.com/images/util/videojs/play-icon5177.png]
[cdn2.editmysite.com/images/util/videojs/@2x/play-icon5177.png]
[cdn2.editmysite.com/images/util/videojs/sad-face5177.png]
[cdn2.editmysite.com/images/util/videojs/@2x/sad-face5177.png]
[cdn2.editmysite.com/images/util/videojs/loading-icon5177.png]
[cdn2.editmysite.com/images/util/videojs/@2x/loading-icon5177.png]
[cdn2.editmysite.com/images/common/buttons/small_grey65c9.png]
[cdn2.editmysite.com/images/common/buttons/small_blue65c9.png]
[cdn2.editmysite.com/images/common/buttons/large_grey65c9.png]
[cdn2.editmysite.com/images/common/buttons/large_blue65c9.png]
[cdn2.editmysite.com/images/common/search-light65c9.png]
[cdn2.editmysite.com/images/common/social_icons65c9.png]
[cdn2.editmysite.com/images/common/blog/blog-comment-button65c9.png]
[cdn2.editmysite.com/images/common/blog/blog-comment-header65c9.png]
[cdn2.editmysite.com/images/common/blog/blog-comment-pointer65c9.png]
[cdn2.editmysite.com/images/common/blog/blog-comment-link65c9.png]
[cdn2.editmysite.com/images/common/blog/blog-comment-header-author65c9.png]
[cdn2.editmysite.com/images/common/blog/blog-comment-pointer-author65c9.png]
[cdn2.editmysite.com/images/common/blog/blog-comment-field-bg65c9.png]
[cdn2.editmysite.com/images/common/blog/dark-blog-comment-header65c9.png]
[cdn2.editmysite.com/images/common/blog/dark-blog-comment-pointer65c9.png]
[cdn2.editmysite.com/images/common/blog/dark-blog-comment-header-author65c9.png]
[cdn2.editmysite.com/images/common/blog/dark-blog-comment-pointer-author65c9.png]
[cdn2.editmysite.com/images/common/blog/dark-blog-comment-link65c9.png]
[cdn2.editmysite.com/images/util/general/blank5177.gif]
[cdn2.editmysite.com/images/common/lightbox/prevlabel65c9.gif]
[cdn2.editmysite.com/images/common/lightbox/nextlabel65c9.gif]
[cdn2.editmysite.com/sprites/util/inputs/checkmarkBox-s7868418152.png]
[cdn2.editmysite.com/images/util/inputs/search-input-bg5177.jpg]
[cdn2.editmysite.com/sprites/util/inputs/checkmarkBox/@2x-s211a47d318.png]
[cdn2.editmysite.com/images/common/magnifying-glass65c9.png]
[cdn2.editmysite.com/images/common/checkmarks/checkmark-mini65c9.png]
[cdn2.editmysite.com/images/common/checkmarks/@2x/checkmark-mini65c9.png]
[cdn2.editmysite.com/images/common/search-pagination-bg65c9.png]
[cdn2.editmysite.com/images/util/general/top-triangle-0005177.png]
[cdn2.editmysite.com/images/util/general/bottom-triangle-0005177.png]
[cdn2.editmysite.com/images/util/general/top-triangle-000@2x5177.png]
[cdn2.editmysite.com/images/util/general/bottom-triangle-000@2x5177.png]
[cdn2.editmysite.com/sprites/common/social-icons-s5ea5500bdb.png]
[cdn2.editmysite.com/sprites/common/social-icons/@2x-s0ae7d70c70.png]
[cdn2.editmysite.com/images/loadingd3c6.gif]
[cdn2.editmysite.com/sprites/site/mini-cart-s86c48effae.png]
[cdn2.editmysite.com/images/site/checkout/paypal5177.png]
[cdn2.editmysite.com/sprites/site/mini-cart/@2x-s576cbc3f90.png]
[cdn2.editmysite.com/sprites/site/mobile/commerce/@2x-s82f968c453.png]
[cdn2.editmysite.com/sprites/site/mobile/commerce-sdf6d4e852c.png]
[cdn2.editmysite.com/images/site/checkout/@2x/paypal5177.png]
[cdn2.editmysite.com/images/site/checkout/credit-cards5177.png]
[cdn2.editmysite.com/images/site/checkout/@2x/credit-cards5177.png]
[cdn2.editmysite.com/images/site/checkout/print5177.png]
[cdn2.editmysite.com/images/site/checkout/print@2x5177.png]
[cdn2.editmysite.com/images/vendor/select2/select25177.png]
[cdn2.editmysite.com/images/vendor/select2/select2-spinner5177.gif]
[cdn2.editmysite.com/images/vendor/select2/select2x25177.png]
[cdn2.editmysite.com/images/util/spinner/spinner-dark5177.png]
[cdn2.editmysite.com/images/util/spinner/spinner-light5177.png]
[cdn2.editmysite.com/images/util/loading-white-w245177.gif]
[cdn2.editmysite.com/images/common/form_input_bg65c9.gif]
[cdn2.editmysite.com/images/blank65c9.gif]
[cdn2.editmysite.com/sprites/site/forms/@2x-s47607b315a.png]
[cdn2.editmysite.com/css/sitesdf32.css]
[cdn2.editmysite.com/css/old/fancybox58b5.css]
[cdn2.editmysite.com/sprites/site/forms-s3786257308.png]
[cdn2.editmysite.com/css/social-iconsf43d.css]
[cdn2.editmysite.com/sprites/site/footer-s48158ed9f7.png]
[cdn2.editmysite.com/sprites/site/footer/@2x-s398696b4d5.png]
[cdn2.editmysite.com/images/old/fancybox/fancybox_sprite.png]
[cdn2.editmysite.com/images/old/fancybox/fancybox_loading.gif]
[cdn2.editmysite.com/images/old/fancybox/blank.gif]
[cdn2.editmysite.com/images/old/fancybox/fancybox_overlay.png]
[www.esic.directory/files/theme/images/BebasNeue-webfont9a79.eot]
[www.esic.directory/files/theme/images/BebasNeue-webfontd41d.eot]
[www.esic.directory/files/theme/images/BebasNeue-webfont9a79.woff]
[www.esic.directory/files/theme/images/BebasNeue-webfont9a79.ttf]
[www.esic.directory/files/theme/images/blockquote-img9a79.png]
[www.esic.directory/files/theme/images/background9a79.jpg]
[www.esic.directory/files/theme/images/search-icon9a79.png]
[www.esic.directory/files/theme/images/search9a79.png]
[www.esic.directory/files/theme/images/banner-divider9a79.png]
[www.esic.directory/files/theme/images/person-img9a79.png]
[www.esic.directory/files/theme/images/select9a79.png]
[www.esic.directory/files/theme/images/menu9a79.png]
[www.esic.directory/files/theme/images/icon-cart9a79.png]
[www.esic.directory/files/main_style9a79.css]
[cdn2.editmysite.com/images/editor/main/gray-vertical-gradient65c9.jpg]
[cdn2.editmysite.com/images/util/general/raised_close5177.png]
[cdn2.editmysite.com/css/site_membershipdf32.css]
[www.esic.directory/files/templateArtifacts9a79.js]
[cdn2.editmysite.com/js/lang/en/stle901.js]
[www.esic.directory/mustache.js]
[www.esic.directory/formSubmit.php]
[www.esic.directory/formSubmitAjax.php]
[www.esic.directory/GET]
[www.google-analytics.com/__utmcb31.gif]
[www.esic.directory/weebly/libraries/videojs/video-js.swf]
[www.esic.directory/r]
[cdn2.editmysite.com/js/site/maindf32.js]
[cdn2.editmysite.com/js/site/main-membership-sitedf32.js]
[cdn-promote.weebly.com/js/dist/lead-form.js]
[www.esic.directory/uploads/8/4/3/6/84367404/6894187044aea.jpg]
[www.esic.directory/indexd41d.html]
[www.esic.directory/uploads/8/4/3/6/84367404/228892330.jpg]
[www.esic.directory/uploads/8/4/3/6/84367404/240396858c410.jpg]
[www.esic.directory/index.html]
[cdn2.editmysite.com/images/editor/theme-background/stock/Device.jpg]
[www.esic.directory/investors.html]
[www.esic.directory/why-invest-in-an-esic.html]
[www.esic.directory/uploads/8/4/3/6/84367404/background-images/1748115563.jpg]
[www.esic.directory/investor-pre-assessment.html]
[www.esic.directory/uploads/8/4/3/6/84367404/3643737210bb4.jpg]
[cdn2.editmysite.com/images/editor/theme-background/stock/Meeting.jpg]
[www.esic.directory/innovators1.html]
[www.esic.directory/what-is-an-esic.html]
[www.esic.directory/esic-database.html]
[www.esic.directory/criteria.html]
[www.esic.directory/uploads/8/4/3/6/84367404/commercialisation-australia-large_orig.jpg]
[www.esic.directory/grant-recipients.html]
[www.esic.directory/resources.html]
[www.esic.directory/uploads/8/4/3/6/84367404/murud.jpg]
[www.esic.directory/uploads/8/4/3/6/84367404/slingshot.jpg]
[www.esic.directory/uploads/8/4/3/6/84367404/griffin.png]
[www.esic.directory/uploads/8/4/3/6/84367404/map.png]
[www.esic.directory/uploads/8/4/3/6/84367404/blue.png]
[www.esic.directory/uploads/8/4/3/6/84367404/start.png]
[www.esic.directory/uploads/8/4/3/6/84367404/aust.jpg]
[www.esic.directory/uploads/8/4/3/6/84367404/startfreelisting.png]
[www.esic.directory/uploads/8/4/3/6/84367404/6585112532468.jpg]
[www.esic.directory/uploads/8/4/3/6/84367404/startfreelisting_orig.png]
[www.esic.directory/accelerators.html]
[cdn2.editmysite.com/images/editor/theme-background/stock/Graph.jpg]
[www.esic.directory/eligible-universities.html]
[www.esic.directory/uploads/8/4/3/6/84367404/screen-shot-rsps_orig.jpg]
[www.esic.directory/uploads/8/4/3/6/84367404/background-images/1154441399.jpg]
[www.esic.directory/rd-partners.html]
[www.esic.directory/Patent Lawyers_files/filelist.92.delayed]
[www.esic.directory/Patent Lawyers_files/themedata.thmx]
[www.esic.directory/Patent Lawyers_files/colorschememapping.xml]
[www.esic.directory/patent-lawyers.html]
[www.esic.directory/List of RnD tax Consultants_files/filelist.xml]
[www.esic.directory/List of RnD tax Consultants_files/themedata.thmx]
[www.esic.directory/List of RnD tax Consultants_files/colorschememapping.xml]
[www.esic.directory/rd-tax-consultants.html]
[www.esic.directory/uploads/8/4/3/6/84367404/add-adv73e8.jpg]
[www.esic.directory/uploads/8/4/3/6/84367404/background-images/1279866051.jpg]
[www.esic.directory/advisors.html]
[www.esic.directory/100 point innovation table_files/filelist.9a.delayed]
[www.esic.directory/100 point innovation table_files/themedata.thmx]
[www.esic.directory/100 point innovation table_files/colorschememapping.xml]
[www.esic.directory/faq.html]
[www.esic.directory/uploads/8/4/3/6/84367404/esic-logo_orig.png]
[www.esic.directory/uploads/8/4/3/6/84367404/background-images/1494695963.jpg]
[www.esic.directory/contact.html]
[www.esic.directory/uploads/8/4/3/6/84367404/background-images/2142679311.jpg]
[www.esic.directory/2/post/2016/08/50001-unhappy-returns.a1.delayed]
[www.esic.directory/all-about-innovation/50001-unhappy-returns.html]
[www.esic.directory/2/feed]
[www.esic.directory/all-about-innovation/pros-and-cons.html]
[www.esic.directory/2/post/2016/08/pros-and-cons.html]
[www.esic.directory/all-about-innovation.html]
[www.esic.directory/all-about-innovation/watching-the-clock.html]
[www.esic.directory/2/post/2016/08/watching-the-clock.html]
[www.esic.directory/all-about-innovation/secret-ingredients-and-the-special-sauce.html]
[www.esic.directory/2/post/2016/08/secret-ingredients-and-the-special-sauce.html]
[www.esic.directory/Popover requires tooltip.js]
[www.webnots.com/resources/bootstrap.min.js]
[www.webnots.com/resources/jquery.dataTables.js]
[www.esic.directory/all-about-innovation/second-chance-draw.html]
[www.esic.directory/2/post/2016/08/second-chance-draw.html]
[www.esic.directory/all-about-innovation/listing-your-startup.html]
[www.esic.directory/2/post/2016/08/listing-your-startup.html]
[www.webnots.com/resources/dataTables.bootstrap.js]
[www.esic.directory/terms-of-use.html]
[www.esic.directory/privacy-policy.html]
[www.esic.directory/all-about-innovation/welcome-to-esic-directory.html]
[www.esic.directory/2/post/2016/07/welcome-to-esic-directory.html]
[www.esic.directory/files/theme/plugins9f2b.js]
[www.esic.directory/all-about-innovation/archives/08-2016.html]
[www.esic.directory/all-about-innovation/archives/07-2016.html]
[www.esic.directory/all-about-innovation/category/all.html]
[www.esic.directory/files/theme/custom9f2b.js]
[cdn2.editmysite.com/images/old/bg_feed.gif]
[www.esic.directory/files/theme/mobile9f2b.js]
[www.esic.directory/files/theme/images/BebasNeue-webfont.svg]
[cdn2.editmysite.com/weebly/images/dialog/raised_close.html]
[www.esic.directory/mustache.html]
[www.esic.directory/formSubmit.html]
[www.esic.directory/formSubmitAjax.html]
[www.esic.directory/GET.html]
[www.esic.directory/weebly/libraries/videojs/video-js.html]
[www.esic.directory/r.html]
[www.esic.directory/indexd41d.html]
[cdn2.editmysite.com/images/editor/theme-background/stock/Meeting.jpg]
[www.esic.directory/Patent Lawyers_files/filelist.html]
[www.esic.directory/Patent Lawyers_files/themedata.html]
[www.esic.directory/Patent Lawyers_files/colorschememapping.html]
[www.esic.directory/List of RnD tax Consultants_files/filelist.html]
[www.esic.directory/List of RnD tax Consultants_files/themedata.html]
[www.esic.directory/List of RnD tax Consultants_files/colorschememapping.html]
[www.esic.directory/100 point innovation table_files/filelist.html]
[www.esic.directory/100 point innovation table_files/themedata.html]
[www.esic.directory/100 point innovation table_files/colorschememapping.html]
[www.esic.directory/2/post/2016/08/50001-unhappy-returns.b0.delayed]
[www.esic.directory/all-about-innovation/50001-unhappy-returns.html]
[www.esic.directory/all-about-innovation/pros-and-cons.html]
[www.esic.directory/2/post/2016/08/pros-and-cons.html]
[www.esic.directory/all-about-innovation/watching-the-clock.html]
[www.esic.directory/2/post/2016/08/watching-the-clock.html]
[www.esic.directory/all-about-innovation/secret-ingredients-and-the-special-sauce.html]
[www.esic.directory/2/post/2016/08/secret-ingredients-and-the-special-sauce.html]
[www.esic.directory/all-about-innovation/second-chance-draw.html]
[www.esic.directory/2/post/2016/08/second-chance-draw.html]
[www.esic.directory/all-about-innovation/listing-your-startup.html]
[www.esic.directory/2/post/2016/08/listing-your-startup.html]
[www.esic.directory/all-about-innovation/welcome-to-esic-directory.html]
[www.esic.directory/2/post/2016/07/welcome-to-esic-directory.html]
[www.esic.directory/2/archives/08-2016]
[www.esic.directory/all-about-innovation/archives/08-2016.html]
[www.esic.directory/all-about-innovation/archives/07-2016.html]
[www.esic.directory/2/archives/07-2016]
[www.esic.directory/2/category/all]
[www.esic.directory/all-about-innovation/category/all.html]
[www.esic.directory/files/theme/plugins.js]
[www.esic.directory/files/theme/custom.js]
[www.esic.directory/files/theme/mobile.js]
[www.esic.directory/Popover requires tooltip.html]
[www.esic.directory/2/archives/08-2016]
[www.esic.directory/2/archives/07-2016]
[www.esic.directory/2/category/all]
