[www.esic.directory/innovators.html]
[backblue.gif]
[fade.gif]
[index.html]
[www.esic.directory/uploads/8/4/3/6/84367404/1469006728.png]
[cdn2.editmysite.com/css/sites2eb4.css]
[cdn2.editmysite.com/css/old/fancyboxae9c.css]
[cdn2.editmysite.com/css/social-iconsb468.css]
[www.esic.directory/files/main_stylec1ae.css]
[www.esic.directory/uploads/8/4/3/6/84367404/background-images/561993498.jpg]
[cdn2.editmysite.com/css/site_membership2eb4.css]
[www.esic.directory/files/templateArtifactsc1ae.js]
[ajax.googleapis.com/ajax/libs/jquery/1.8.3/jquery.min.js]
[cdn2.editmysite.com/js/lang/en/stl44af.js]
[cdn2.editmysite.com/js/site/main2eb4.js]
[cdn2.editmysite.com/js/site/main-membership-site2eb4.js]
[cdn-promote.weebly.com/js/dist/lead-form.js]
[www.esic.directory/investors.html]
[www.esic.directory/index.html]
[www.esic.directory/why-invest-in-an-esic.html]
[www.esic.directory/investor-pre-assessment.html]
[www.esic.directory/innovators1.html]
[www.esic.directory/what-is-an-esic.html]
[www.esic.directory/esic-database.html]
[www.esic.directory/criteria.html]
[www.esic.directory/grant-recipients.html]
[www.esic.directory/resources.html]
[www.esic.directory/accelerators.html]
[www.esic.directory/eligible-universities.html]
[www.esic.directory/rd-partners.html]
[www.esic.directory/patent-lawyers.html]
[www.esic.directory/rd-tax-consultants.html]
[www.esic.directory/advisors.html]
[www.esic.directory/faq.html]
[www.esic.directory/contact.html]
[www.esic.directory/all-about-innovation.html]
[www.esic.directory/all-about-innovation.html]
[www.esic.directory/terms-of-use.html]
[www.esic.directory/privacy-policy.html]
[www.esic.directory/files/theme/plugins9f2b.js]
[www.esic.directory/files/theme/custom9f2b.js]
[pixel.quantserve.com/pixel/p-0dYLvhSGGqUWocee0.gif]
[www.esic.directory/innovators.html]
[www.esic.directory/files/theme/mobile9f2b.js]
[cdn2.editmysite.com/images/util/videojs/white-baref90.png]
[cdn2.editmysite.com/images/util/videojs/@2x/white-baref90.png]
[cdn2.editmysite.com/images/util/videojs/gradientef90.png]
[cdn2.editmysite.com/images/util/videojs/@2x/gradientef90.png]
[cdn2.editmysite.com/sprites/util/videojs-sacae758aa2.png]
[cdn2.editmysite.com/sprites/util/videojs/@2x-s2aff7e7d9a.png]
[cdn2.editmysite.com/images/util/videojs/volume-filledef90.png]
[cdn2.editmysite.com/images/util/videojs/@2x/volume-filledef90.png]
[cdn2.editmysite.com/images/util/videojs/volume-muteef90.png]
[cdn2.editmysite.com/images/util/videojs/@2x/volume-muteef90.png]
[cdn2.editmysite.com/images/util/videojs/blue-baref90.png]
[cdn2.editmysite.com/images/util/videojs/@2x/blue-baref90.png]
[cdn2.editmysite.com/images/util/videojs/maximize-iconef90.png]
[cdn2.editmysite.com/images/util/videojs/@2x/maximize-iconef90.png]
[cdn2.editmysite.com/images/util/videojs/minimize-iconef90.png]
[cdn2.editmysite.com/images/util/videojs/@2x/minimize-iconef90.png]
[cdn2.editmysite.com/images/util/videojs/play-iconef90.png]
[cdn2.editmysite.com/images/util/videojs/@2x/play-iconef90.png]
[cdn2.editmysite.com/images/util/videojs/sad-faceef90.png]
[cdn2.editmysite.com/images/util/videojs/@2x/sad-faceef90.png]
[cdn2.editmysite.com/images/util/videojs/loading-iconef90.png]
[cdn2.editmysite.com/images/util/videojs/@2x/loading-iconef90.png]
[cdn2.editmysite.com/images/common/buttons/small_grey137c.png]
[cdn2.editmysite.com/images/common/buttons/small_blue137c.png]
[cdn2.editmysite.com/images/common/buttons/large_grey137c.png]
[cdn2.editmysite.com/images/common/buttons/large_blue137c.png]
[cdn2.editmysite.com/images/common/search-light137c.png]
[cdn2.editmysite.com/images/common/social_icons137c.png]
[cdn2.editmysite.com/images/common/blog/blog-comment-button137c.png]
[cdn2.editmysite.com/images/common/blog/blog-comment-header137c.png]
[cdn2.editmysite.com/images/common/blog/blog-comment-pointer137c.png]
[cdn2.editmysite.com/images/common/blog/blog-comment-link137c.png]
[cdn2.editmysite.com/images/common/blog/blog-comment-header-author137c.png]
[cdn2.editmysite.com/images/common/blog/blog-comment-pointer-author137c.png]
[cdn2.editmysite.com/images/common/blog/blog-comment-field-bg137c.png]
[cdn2.editmysite.com/images/common/blog/dark-blog-comment-header137c.png]
[cdn2.editmysite.com/images/common/blog/dark-blog-comment-pointer137c.png]
[cdn2.editmysite.com/images/common/blog/dark-blog-comment-header-author137c.png]
[cdn2.editmysite.com/images/common/blog/dark-blog-comment-pointer-author137c.png]
[cdn2.editmysite.com/images/common/blog/dark-blog-comment-link137c.png]
[cdn2.editmysite.com/images/util/general/blankef90.gif]
[cdn2.editmysite.com/images/common/lightbox/prevlabel137c.gif]
[cdn2.editmysite.com/images/common/lightbox/nextlabel137c.gif]
[cdn2.editmysite.com/sprites/util/inputs/checkmarkBox-s7868418152.png]
[cdn2.editmysite.com/sprites/util/inputs/checkmarkBox/@2x-s211a47d318.png]
[cdn2.editmysite.com/images/util/inputs/search-input-bgef90.jpg]
[cdn2.editmysite.com/images/common/magnifying-glass137c.png]
[cdn2.editmysite.com/images/common/checkmarks/checkmark-mini137c.png]
[cdn2.editmysite.com/images/common/checkmarks/@2x/checkmark-mini137c.png]
[cdn2.editmysite.com/images/common/search-pagination-bg137c.png]
[cdn2.editmysite.com/images/util/general/top-triangle-000ef90.png]
[cdn2.editmysite.com/images/util/general/bottom-triangle-000ef90.png]
[cdn2.editmysite.com/images/util/general/top-triangle-000@2xef90.png]
[cdn2.editmysite.com/images/util/general/bottom-triangle-000@2xef90.png]
[cdn2.editmysite.com/sprites/common/social-icons-s5ea5500bdb.png]
[cdn2.editmysite.com/sprites/common/social-icons/@2x-s0ae7d70c70.png]
[cdn2.editmysite.com/sprites/site/mini-cart-s86c48effae.png]
[cdn2.editmysite.com/sprites/site/mini-cart/@2x-s576cbc3f90.png]
[cdn2.editmysite.com/images/loadingb03b.gif]
[cdn2.editmysite.com/sprites/site/mobile/commerce-sdf6d4e852c.png]
[cdn2.editmysite.com/sprites/site/mobile/commerce/@2x-s82f968c453.png]
[cdn2.editmysite.com/images/site/checkout/paypal0227.png]
[cdn2.editmysite.com/images/site/checkout/@2x/paypal0227.png]
[cdn2.editmysite.com/images/site/checkout/credit-cards0227.png]
[cdn2.editmysite.com/images/site/checkout/@2x/credit-cards0227.png]
[cdn2.editmysite.com/images/site/checkout/print0227.png]
[cdn2.editmysite.com/images/site/checkout/print@2x0227.png]
[cdn2.editmysite.com/images/vendor/select2/select2ef90.png]
[cdn2.editmysite.com/images/vendor/select2/select2-spinneref90.gif]
[cdn2.editmysite.com/images/vendor/select2/select2x2ef90.png]
[cdn2.editmysite.com/images/util/spinner/spinner-darkef90.png]
[cdn2.editmysite.com/images/util/spinner/spinner-lightef90.png]
[cdn2.editmysite.com/images/util/loading-white-w24ef90.gif]
[cdn2.editmysite.com/images/common/form_input_bg137c.gif]
[cdn2.editmysite.com/sprites/site/forms-s3786257308.png]
[cdn2.editmysite.com/sprites/site/forms/@2x-s47607b315a.png]
[cdn2.editmysite.com/images/blank137c.gif]
[cdn2.editmysite.com/sprites/site/footer-s48158ed9f7.png]
[cdn2.editmysite.com/sprites/site/footer/@2x-s398696b4d5.png]
[cdn2.editmysite.com/css/sites2eb4.css]
[cdn2.editmysite.com/images/old/fancybox/fancybox_sprite.png]
[cdn2.editmysite.com/images/old/fancybox/fancybox_loading.gif]
[cdn2.editmysite.com/images/old/fancybox/blank.gif]
[cdn2.editmysite.com/images/old/fancybox/fancybox_overlay.png]
[cdn2.editmysite.com/css/old/fancyboxae9c.css]
[cdn2.editmysite.com/css/social-iconsb468.css]
[www.esic.directory/files/theme/images/BebasNeue-webfontc1ae.eot]
[www.esic.directory/files/theme/images/BebasNeue-webfontd41d.eot]
[www.esic.directory/files/theme/images/BebasNeue-webfontc1ae.woff]
[www.esic.directory/files/theme/images/BebasNeue-webfontc1ae.ttf]
[www.esic.directory/files/theme/images/BebasNeue-webfont.svg]
[www.esic.directory/files/theme/images/blockquote-imgc1ae.png]
[www.esic.directory/files/theme/images/backgroundc1ae.jpg]
[www.esic.directory/files/theme/images/search-iconc1ae.png]
[www.esic.directory/files/theme/images/searchc1ae.png]
[www.esic.directory/files/theme/images/banner-dividerc1ae.png]
[www.esic.directory/files/theme/images/person-imgc1ae.png]
[www.esic.directory/files/theme/images/selectc1ae.png]
[www.esic.directory/files/theme/images/menuc1ae.png]
[www.esic.directory/files/theme/images/icon-cartc1ae.png]
[www.esic.directory/files/main_stylec1ae.css]
[cdn2.editmysite.com/images/editor/main/gray-vertical-gradient137c.jpg]
[cdn2.editmysite.com/images/util/general/raised_closeef90.png]
[cdn2.editmysite.com/css/site_membership2eb4.css]
[www.esic.directory/files/templateArtifactsc1ae.js]
[cdn2.editmysite.com/js/lang/en/stl44af.js]
[www.esic.directory/mustache.js]
[www.esic.directory/formSubmit.php]
[www.esic.directory/formSubmitAjax.php]
[www.esic.directory/GET]
[www.google-analytics.com/__utmcb31.gif]
[www.esic.directory/weebly/libraries/videojs/video-js.swf]
[www.esic.directory/r]
[cdn2.editmysite.com/js/site/main2eb4.js]
[cdn2.editmysite.com/js/site/main-membership-site2eb4.js]
[cdn-promote.weebly.com/js/dist/lead-form.js]
[www.esic.directory/uploads/8/4/3/6/84367404/6894187044aea.jpg]
[www.esic.directory/indexd41d.html]
[www.esic.directory/uploads/8/4/3/6/84367404/228892330.jpg]
[www.esic.directory/uploads/8/4/3/6/84367404/240396858c410.jpg]
[cdn2.editmysite.com/images/editor/theme-background/stock/Device.jpg]
[www.esic.directory/index.html]
[www.esic.directory/investors.html]
[www.esic.directory/why-invest-in-an-esic.html]
[www.esic.directory/uploads/8/4/3/6/84367404/background-images/1748115563.jpg]
[www.esic.directory/investor-pre-assessment.html]
[www.esic.directory/innovators1.html]
[www.esic.directory/what-is-an-esic.html]
[www.esic.directory/esic-database.html]
[www.esic.directory/criteria.html]
[www.esic.directory/uploads/8/4/3/6/84367404/commercialisation-australia-large_orig.jpg]
[www.esic.directory/grant-recipients.html]
[cdn2.editmysite.com/css/sitesbb7b.css]
[cdn2.editmysite.com/css/site_membershipbb7b.css]
[cdn2.editmysite.com/js/site/mainbb7b.js]
[cdn2.editmysite.com/js/site/main-membership-sitebb7b.js]
[cdn2.editmysite.com/js/lang/en/stlc610.js]
[www.esic.directory/resources.html]
[www.esic.directory/uploads/8/4/3/6/84367404/murud.jpg]
[www.esic.directory/uploads/8/4/3/6/84367404/slingshot.jpg]
[www.esic.directory/uploads/8/4/3/6/84367404/griffin.png]
[www.esic.directory/uploads/8/4/3/6/84367404/map.png]
[www.esic.directory/uploads/8/4/3/6/84367404/blue.png]
[www.esic.directory/uploads/8/4/3/6/84367404/start.png]
[www.esic.directory/uploads/8/4/3/6/84367404/aust.jpg]
[www.esic.directory/uploads/8/4/3/6/84367404/startfreelisting.png]
[www.esic.directory/uploads/8/4/3/6/84367404/6585112532468.jpg]
[cdn2.editmysite.com/images/editor/theme-background/stock/Graph.jpg]
[www.esic.directory/uploads/8/4/3/6/84367404/startfreelisting_orig.png]
[www.esic.directory/accelerators.html]
[www.esic.directory/eligible-universities.html]
[www.esic.directory/uploads/8/4/3/6/84367404/screen-shot-rsps_orig.jpg]
[www.esic.directory/uploads/8/4/3/6/84367404/background-images/1154441399.jpg]
[www.esic.directory/rd-partners.html]
[www.esic.directory/Patent Lawyers_files/filelist.ad.delayed]
[www.esic.directory/Patent Lawyers_files/themedata.thmx]
[www.esic.directory/Patent Lawyers_files/colorschememapping.xml]
[www.esic.directory/patent-lawyers.html]
[www.esic.directory/List of RnD tax Consultants_files/filelist.xml]
[www.esic.directory/List of RnD tax Consultants_files/themedata.thmx]
[www.esic.directory/List of RnD tax Consultants_files/colorschememapping.xml]
[www.esic.directory/rd-tax-consultants.html]
[www.esic.directory/uploads/8/4/3/6/84367404/add-adv73e8.jpg]
[www.esic.directory/uploads/8/4/3/6/84367404/background-images/1279866051.jpg]
[www.esic.directory/advisors.html]
[www.esic.directory/100 point innovation table_files/filelist.b5.delayed]
[www.esic.directory/100 point innovation table_files/themedata.thmx]
[www.esic.directory/100 point innovation table_files/colorschememapping.xml]
[www.esic.directory/faq.html]
[www.esic.directory/uploads/8/4/3/6/84367404/esic-logo_orig.png]
[www.esic.directory/uploads/8/4/3/6/84367404/background-images/1494695963.jpg]
[www.esic.directory/contact.html]
[www.esic.directory/uploads/8/4/3/6/84367404/background-images/2142679311.jpg]
[www.esic.directory/2/post/2016/08/50001-unhappy-returns.bc.delayed]
[www.esic.directory/all-about-innovation/pros-and-cons.html]
[www.esic.directory/2/post/2016/08/pros-and-cons.html]
[www.esic.directory/all-about-innovation/watching-the-clock.html]
[www.esic.directory/all-about-innovation/50001-unhappy-returns.html]
[www.esic.directory/2/post/2016/08/watching-the-clock.html]
[www.esic.directory/all-about-innovation/secret-ingredients-and-the-special-sauce.html]
[www.esic.directory/2/post/2016/08/secret-ingredients-and-the-special-sauce.html]
[www.esic.directory/2/post/2016/08/second-chance-draw.html]
[www.esic.directory/all-about-innovation/second-chance-draw.html]
[www.esic.directory/all-about-innovation/listing-your-startup.html]
[www.esic.directory/2/post/2016/08/listing-your-startup.html]
[www.esic.directory/2/post/2016/07/welcome-to-esic-directory.html]
[www.esic.directory/all-about-innovation/welcome-to-esic-directory.html]
[www.esic.directory/all-about-innovation/archives/08-2016.html]
[www.esic.directory/all-about-innovation/archives/07-2016.html]
[www.esic.directory/all-about-innovation/category/all.html]
[www.esic.directory/2/feed]
[cdn2.editmysite.com/images/old/bg_feed.gif]
[www.esic.directory/files/theme/custom.js]
[www.esic.directory/files/theme/plugins.js]
[www.esic.directory/all-about-innovation.html]
[www.esic.directory/Popover requires tooltip.js]
[www.webnots.com/resources/bootstrap.min.js]
[www.webnots.com/resources/jquery.dataTables.js]
[www.webnots.com/resources/dataTables.bootstrap.js]
[www.esic.directory/terms-of-use.html]
[www.esic.directory/privacy-policy.html]
[www.esic.directory/files/theme/plugins9f2b.js]
[www.esic.directory/files/theme/custom9f2b.js]
[www.esic.directory/files/theme/mobile9f2b.js]
[www.esic.directory/files/theme/images/BebasNeue-webfont.svg]
[cdn2.editmysite.com/weebly/images/dialog/raised_close.html]
[www.esic.directory/mustache.html]
[www.esic.directory/formSubmit.html]
[www.esic.directory/formSubmitAjax.html]
[www.esic.directory/GET.html]
[www.esic.directory/weebly/libraries/videojs/video-js.html]
[www.esic.directory/r.html]
[www.esic.directory/indexd41d.html]
[www.esic.directory/files/theme/mobile.js]
[cdn2.editmysite.com/images/editor/theme-background/stock/Device.jpg]
[cdn2.editmysite.com/images/util/videojs/white-bardbbf.png]
[cdn2.editmysite.com/images/util/videojs/@2x/white-bardbbf.png]
[cdn2.editmysite.com/images/util/videojs/gradientdbbf.png]
[cdn2.editmysite.com/images/util/videojs/@2x/gradientdbbf.png]
[cdn2.editmysite.com/images/util/videojs/volume-filleddbbf.png]
[cdn2.editmysite.com/images/util/videojs/@2x/volume-filleddbbf.png]
[cdn2.editmysite.com/images/util/videojs/volume-mutedbbf.png]
[cdn2.editmysite.com/images/util/videojs/@2x/volume-mutedbbf.png]
[cdn2.editmysite.com/images/util/videojs/blue-bardbbf.png]
[cdn2.editmysite.com/images/util/videojs/@2x/blue-bardbbf.png]
[cdn2.editmysite.com/images/util/videojs/maximize-icondbbf.png]
[cdn2.editmysite.com/images/util/videojs/@2x/maximize-icondbbf.png]
[cdn2.editmysite.com/images/util/videojs/minimize-icondbbf.png]
[cdn2.editmysite.com/images/util/videojs/@2x/minimize-icondbbf.png]
[cdn2.editmysite.com/images/util/videojs/play-icondbbf.png]
[cdn2.editmysite.com/images/util/videojs/@2x/play-icondbbf.png]
[cdn2.editmysite.com/images/util/videojs/sad-facedbbf.png]
[cdn2.editmysite.com/images/util/videojs/@2x/sad-facedbbf.png]
[cdn2.editmysite.com/images/util/videojs/loading-icondbbf.png]
[cdn2.editmysite.com/images/util/videojs/@2x/loading-icondbbf.png]
[cdn2.editmysite.com/images/common/buttons/small_greyf6d2.png]
[cdn2.editmysite.com/images/common/buttons/small_bluef6d2.png]
[cdn2.editmysite.com/images/common/buttons/large_greyf6d2.png]
[cdn2.editmysite.com/images/common/buttons/large_bluef6d2.png]
[cdn2.editmysite.com/images/common/search-lightf6d2.png]
[cdn2.editmysite.com/images/common/social_iconsf6d2.png]
[cdn2.editmysite.com/images/common/blog/blog-comment-buttonf6d2.png]
[cdn2.editmysite.com/images/common/blog/blog-comment-headerf6d2.png]
[cdn2.editmysite.com/images/common/blog/blog-comment-pointerf6d2.png]
[cdn2.editmysite.com/images/common/blog/blog-comment-linkf6d2.png]
[cdn2.editmysite.com/images/common/blog/blog-comment-header-authorf6d2.png]
[cdn2.editmysite.com/images/common/blog/blog-comment-pointer-authorf6d2.png]
[cdn2.editmysite.com/images/common/blog/blog-comment-field-bgf6d2.png]
[cdn2.editmysite.com/images/common/blog/dark-blog-comment-headerf6d2.png]
[cdn2.editmysite.com/images/common/blog/dark-blog-comment-pointerf6d2.png]
[cdn2.editmysite.com/images/common/blog/dark-blog-comment-header-authorf6d2.png]
[cdn2.editmysite.com/images/common/blog/dark-blog-comment-pointer-authorf6d2.png]
[cdn2.editmysite.com/images/common/blog/dark-blog-comment-linkf6d2.png]
[cdn2.editmysite.com/images/util/general/blankdbbf.gif]
[cdn2.editmysite.com/images/common/lightbox/prevlabelf6d2.gif]
[cdn2.editmysite.com/images/common/lightbox/nextlabelf6d2.gif]
[cdn2.editmysite.com/images/util/inputs/search-input-bgdbbf.jpg]
[cdn2.editmysite.com/images/common/magnifying-glassf6d2.png]
[cdn2.editmysite.com/images/common/checkmarks/checkmark-minif6d2.png]
[cdn2.editmysite.com/images/common/checkmarks/@2x/checkmark-minif6d2.png]
[cdn2.editmysite.com/images/common/search-pagination-bgf6d2.png]
[cdn2.editmysite.com/images/util/general/top-triangle-000dbbf.png]
[cdn2.editmysite.com/images/util/general/bottom-triangle-000dbbf.png]
[cdn2.editmysite.com/images/util/general/top-triangle-000@2xdbbf.png]
[cdn2.editmysite.com/images/util/general/bottom-triangle-000@2xdbbf.png]
[cdn2.editmysite.com/images/loading9e7e.gif]
[cdn2.editmysite.com/images/site/checkout/paypaldbbf.png]
[cdn2.editmysite.com/images/site/checkout/@2x/paypaldbbf.png]
[cdn2.editmysite.com/images/site/checkout/credit-cardsdbbf.png]
[cdn2.editmysite.com/images/site/checkout/@2x/credit-cardsdbbf.png]
[cdn2.editmysite.com/images/site/checkout/printdbbf.png]
[cdn2.editmysite.com/images/site/checkout/print@2xdbbf.png]
[cdn2.editmysite.com/images/vendor/select2/select2dbbf.png]
[cdn2.editmysite.com/images/vendor/select2/select2-spinnerdbbf.gif]
[cdn2.editmysite.com/images/vendor/select2/select2x2dbbf.png]
[cdn2.editmysite.com/images/util/spinner/spinner-darkdbbf.png]
[cdn2.editmysite.com/images/util/spinner/spinner-lightdbbf.png]
[cdn2.editmysite.com/images/util/loading-white-w24dbbf.gif]
[cdn2.editmysite.com/images/common/form_input_bgf6d2.gif]
[cdn2.editmysite.com/images/blankf6d2.gif]
[cdn2.editmysite.com/css/sitesbb7b.css]
[cdn2.editmysite.com/images/editor/main/gray-vertical-gradientf6d2.jpg]
[cdn2.editmysite.com/images/util/general/raised_closedbbf.png]
[cdn2.editmysite.com/css/site_membershipbb7b.css]
[cdn2.editmysite.com/js/site/mainbb7b.js]
[cdn2.editmysite.com/js/site/main-membership-sitebb7b.js]
[cdn2.editmysite.com/js/lang/en/stlc610.js]
[www.esic.directory/Patent Lawyers_files/filelist.html]
[www.esic.directory/Patent Lawyers_files/themedata.html]
[www.esic.directory/Patent Lawyers_files/colorschememapping.html]
[www.esic.directory/List of RnD tax Consultants_files/filelist.html]
[www.esic.directory/List of RnD tax Consultants_files/themedata.html]
[www.esic.directory/List of RnD tax Consultants_files/colorschememapping.html]
[www.esic.directory/100 point innovation table_files/filelist.html]
[www.esic.directory/100 point innovation table_files/themedata.html]
[www.esic.directory/100 point innovation table_files/colorschememapping.html]
[www.esic.directory/2/post/2016/08/50001-unhappy-returns.115.delayed]
[www.esic.directory/all-about-innovation/50001-unhappy-returns.html]
[www.esic.directory/2/post/2016/08/pros-and-cons.html]
[www.esic.directory/2/post/2016/08/pros-and-cons.119.delayed]
[www.esic.directory/all-about-innovation/pros-and-cons.html]
[www.esic.directory/2/post/2016/08/watching-the-clock.html]
[www.esic.directory/2/post/2016/08/watching-the-clock.html]
[www.esic.directory/2/post/2016/08/watching-the-clock.html]
[www.esic.directory/all-about-innovation/watching-the-clock.html]
[www.esic.directory/2/post/2016/08/secret-ingredients-and-the-special-sauce.html]
[www.esic.directory/2/post/2016/08/secret-ingredients-and-the-special-sauce.html]
[www.esic.directory/2/post/2016/08/secret-ingredients-and-the-special-sauce.html]
[www.esic.directory/all-about-innovation/secret-ingredients-and-the-special-sauce.html]
[www.esic.directory/2/post/2016/08/second-chance-draw.html]
[www.esic.directory/2/post/2016/08/second-chance-draw.html]
[www.esic.directory/2/post/2016/08/second-chance-draw.html]
[www.esic.directory/all-about-innovation/second-chance-draw.html]
[www.esic.directory/2/post/2016/08/listing-your-startup.html]
[www.esic.directory/2/post/2016/08/listing-your-startup.html]
[www.esic.directory/2/post/2016/08/listing-your-startup.html]
[www.esic.directory/all-about-innovation/listing-your-startup.html]
[www.esic.directory/2/post/2016/07/welcome-to-esic-directory.html]
[www.esic.directory/2/post/2016/07/welcome-to-esic-directory.html]
[cdn2.editmysite.com/css/sites441d.css]
[cdn2.editmysite.com/css/site_membership441d.css]
[cdn2.editmysite.com/js/site/main441d.js]
[cdn2.editmysite.com/js/site/main-membership-site441d.js]
[cdn2.editmysite.com/js/lang/en/stl671d.js]
[www.esic.directory/2/post/2016/07/welcome-to-esic-directory.html]
[www.esic.directory/all-about-innovation/welcome-to-esic-directory.html]
[www.esic.directory/2/archives/08-2016]
[www.esic.directory/2/archives/08-2016]
[www.esic.directory/2/post/2016/08/watching-the-clock.html]
[www.esic.directory/2/post/2016/08/secret-ingredients-and-the-special-sauce.html]
[www.esic.directory/2/post/2016/08/second-chance-draw.html]
[www.esic.directory/2/post/2016/08/listing-your-startup.html]
[www.esic.directory/all-about-innovation/archives/08-2016.html]
[www.esic.directory/2/archives/07-2016]
[www.esic.directory/2/archives/07-2016]
[www.esic.directory/2/post/2016/07/welcome-to-esic-directory.html]
[www.esic.directory/all-about-innovation/archives/07-2016.html]
[www.esic.directory/2/category/all]
[www.esic.directory/2/category/all]
[www.esic.directory/2/post/2016/08/watching-the-clock.html]
[www.esic.directory/2/post/2016/08/secret-ingredients-and-the-special-sauce.html]
[www.esic.directory/2/post/2016/08/second-chance-draw.html]
[www.esic.directory/2/post/2016/08/listing-your-startup.html]
[www.esic.directory/2/post/2016/07/welcome-to-esic-directory.html]
[www.esic.directory/all-about-innovation/category/all.html]
[www.esic.directory/files/theme/plugins.js]
[www.esic.directory/files/theme/custom.js]
[www.esic.directory/files/theme/mobile.js]
[www.esic.directory/Popover requires tooltip.html]
[cdn2.editmysite.com/css/sites441d.css]
[cdn2.editmysite.com/css/site_membership441d.css]
[www.esic.directory/all-about-innovation/index.html]
[www.esic.directory/all-about-innovation/mustache.143.delayed]
[www.esic.directory/all-about-innovation/formSubmit.php]
[www.esic.directory/all-about-innovation/formSubmitAjax.php]
[www.esic.directory/all-about-innovation/GET]
[www.esic.directory/all-about-innovation/r]
[cdn2.editmysite.com/js/site/main441d.js]
[cdn2.editmysite.com/js/site/main-membership-site441d.js]
[cdn2.editmysite.com/js/lang/en/stl671d.js]
[www.esic.directory/all-about-innovation/index.html]
[www.esic.directory/all-about-innovation/mustache.html]
[www.esic.directory/all-about-innovation/formSubmit.html]
[www.esic.directory/all-about-innovation/formSubmitAjax.html]
[www.esic.directory/all-about-innovation/GET.html]
[www.esic.directory/all-about-innovation/r.html]
